[INFO] Scanning for projects...
[INFO] 
[INFO] -------------------------< com.bicap:backend >--------------------------
[INFO] Building backend 0.0.1-SNAPSHOT
[INFO]   from pom.xml
[INFO] --------------------------------[ jar ]---------------------------------
[INFO] 
[INFO] --- resources:3.3.1:resources (default-resources) @ backend ---
[INFO] Copying 1 resource from src\main\resources to target\classes
[INFO] Copying 7 resources from src\main\resources to target\classes
[INFO] 
[INFO] --- compiler:3.13.0:compile (default-compile) @ backend ---
[INFO] Recompiling the module because of changed source code.
[INFO] Compiling 130 source files with javac [debug parameters release 17] to target\classes
[INFO] Some messages have been simplified; recompile with -Xdiags:verbose to get full output
[INFO] -------------------------------------------------------------
[WARNING] COMPILATION WARNING : 
[INFO] -------------------------------------------------------------
[WARNING] /C:/Users/DANG KHOA/New folder/backend/src/main/java/com/bicap/backend/entity/FarmingSeason.java:[47,20] @Builder will ignore the initializing expression entirely. If you want the initializing expression to serve as default, add @Builder.Default. If it is not supposed to be settable during building, make the field final.
[WARNING] /C:/Users/DANG KHOA/New folder/backend/src/main/java/com/bicap/backend/entity/Farm.java:[40,20] @Builder will ignore the initializing expression entirely. If you want the initializing expression to serve as default, add @Builder.Default. If it is not supposed to be settable during building, make the field final.
[WARNING] /C:/Users/DANG KHOA/New folder/backend/src/main/java/com/bicap/backend/entity/Farm.java:[43,20] @Builder will ignore the initializing expression entirely. If you want the initializing expression to serve as default, add @Builder.Default. If it is not supposed to be settable during building, make the field final.
[WARNING] /C:/Users/DANG KHOA/New folder/backend/src/main/java/com/bicap/backend/entity/Driver.java:[39,20] @Builder will ignore the initializing expression entirely. If you want the initializing expression to serve as default, add @Builder.Default. If it is not supposed to be settable during building, make the field final.
[INFO] 4 warnings 
[INFO] -------------------------------------------------------------
[INFO] -------------------------------------------------------------
[ERROR] COMPILATION ERROR : 
[INFO] -------------------------------------------------------------
[ERROR] /C:/Users/DANG KHOA/New folder/backend/src/main/java/com/bicap/backend/security/CustomUserDetailsService.java:[28,21] cannot find symbol
  symbol:   method getPasswordHash()
  location: variable user of type com.bicap.backend.entity.User
[ERROR] /C:/Users/DANG KHOA/New folder/backend/src/main/java/com/bicap/backend/service/AuthService.java:[114,31] incompatible types: com.bicap.backend.enums.UserStatus cannot be converted to java.lang.String
[ERROR] /C:/Users/DANG KHOA/New folder/backend/src/main/java/com/bicap/backend/service/FarmingProcessService.java:[42,14] variable currentUserId is already defined in method createProcessStep(java.lang.Long,com.bicap.backend.dto.request.CreateProcessStepRequest)
[INFO] 3 errors 
[INFO] -------------------------------------------------------------
[INFO] ------------------------------------------------------------------------
[INFO] BUILD FAILURE
[INFO] ------------------------------------------------------------------------
[INFO] Total time:  22.049 s
[INFO] Finished at: 2026-04-09T11:54:21+07:00
[INFO] ------------------------------------------------------------------------
[ERROR] Failed to execute goal org.apache.maven.plugins:maven-compiler-plugin:3.13.0:compile (default-compile) on project backend: Compilation failure: Compilation failure: 
[ERROR] /C:/Users/DANG KHOA/New folder/backend/src/main/java/com/bicap/backend/security/CustomUserDetailsService.java:[28,21] cannot find symbol
[ERROR]   symbol:   method getPasswordHash()
[ERROR]   location: variable user of type com.bicap.backend.entity.User
[ERROR] /C:/Users/DANG KHOA/New folder/backend/src/main/java/com/bicap/backend/service/AuthService.java:[114,31] incompatible types: com.bicap.backend.enums.UserStatus cannot be converted to java.lang.String
[ERROR] /C:/Users/DANG KHOA/New folder/backend/src/main/java/com/bicap/backend/service/FarmingProcessService.java:[42,14] variable currentUserId is already defined in method createProcessStep(java.lang.Long,com.bicap.backend.dto.request.CreateProcessStepRequest)
[ERROR] -> [Help 1]
[ERROR] 
[ERROR] To see the full stack trace of the errors, re-run Maven with the -e switch.
[ERROR] Re-run Maven using the -X switch to enable full debug logging.
[ERROR] 
[ERROR] For more information about the errors and possible solutions, please read the following articles:
[ERROR] [Help 1] http://cwiki.apache.org/confluence/display/MAVEN/MojoFailureException
